
   This is a [1]test of the file conversion routines.


References

   1. file://localhost/tmp/.27297.html#foo

Exit code 0
