vec has 2 elements
alpha.txt has widdershins
foo.txt has yadda
foo.joe has yadda
zoe.joe has xenophobe
now vec has 1 elements
bar has yadda
now foo.txt has widdershins
